<html>
<body>
<pre>
<h1>µVision Build Log</h1>
<h2>Project:</h2>
S:\BE_CSE\4th_sem_cse\mc lab\programs\prgm14.uvproj
Project File Date:  09/09/2022

<h2>Output:</h2>
Rebuild target 'Target 1'
assembling Startup.s...
compiling program14.c...
linking...
Program Size: Code=652 RO-data=32 RW-data=76 ZI-data=1164  
FromELF: creating hex file...
".\prgm14.axf" - 0 Error(s), 0 Warning(s).
</pre>
</body>
</html>
ta=1164  
FromELF: creating hex file...
".\prgm14.axf" - 0 Error(s), 1 Warning(s).
compiling program14.c...
"program14.c" - 0 Error(s), 0 Warning(s).
