<html>
<body>
<pre>
<h1>µVision Build Log</h1>
<h2>Project:</h2>
S:\BE_CSE\4th_sem_cse\mc lab\programs\prgm11.uvproj
Project File Date:  09/09/2022

<h2>Output:</h2>
Rebuild target 'Target 1'
assembling Startup.s...
compiling program11.c...
linking...
Program Size: Code=1012 RO-data=32 RW-data=20 ZI-data=1164  
FromELF: creating hex file...
".\prgm11.axf" - 0 Error(s), 0 Warning(s).
</pre>
</body>
</html>
ompiling program11.c...
"program11.c" - 0 Error(s), 0 Warning(s).
compiling program11.c...
"program11.c" - 0 Error(s), 0 Warning(s).
